{
  "name": "@lit-internal/test-element-a-ng",
  "type": "module",
  "scripts": {
    "build": "tsc",
    "build:watch": "tsc --watch"
  },
  "version": "1.0.0",
  "dependencies": {
    "@lit-internal/test-element-a": "^1.0.0"
  },
  "peerDependencies": {
    "@angular/common": "^13.3.0",
    "@angular/core": "^13.3.0"
  },
  "devDependencies": {
    "typescript": "~4.3.5"
  },
  "files": [
    "element-a.js"
  ]
}
