{
  "schemaVersion": "1.0.0",
  "modules": [
    {
      "kind": "javascript-module",
      "path": "detail-type.js"
    },
    {
      "kind": "javascript-module",
      "path": "element-a.js",
      "declarations": [
        {
          "kind": "class",
          "name": "ElementA",
          "summary": "My awesome element",
          "description": "This is a description of my element. It's pretty great. The description has\ntext that spans multiple lines.",
          "customElement": true,
          "tagName": "element-a",
          "superclass": {
            "name": "LitElement",
            "package": "lit"
          },
          "attributes": [
            {
              "name": "count",
              "description": "Count of things",
              "default": "0",
              "type": {
                "text": "number"
              }
            },
            {
              "name": "foo",
              "fieldName": "foo",
              "type": {
                "text": "string | undefined"
              }
            }
          ],
          "members": [
            {
              "kind": "field",
              "name": "foo",
              "attribute": "foo",
              "privacy": "public",
              "type": {
                "text": "string | undefined"
              }
            },
            {
              "kind": "field",
              "name": "styles",
              "static": true,
              "privacy": "public",
              "default": "css`\n    :host {\n      display: block;\n      background-color: var(--background-color);\n      color: var(-foreground-color);\n    }\n  `",
              "type": {
                "text": "CSSResult",
                "references": [
                  {
                    "name": "CSSResult",
                    "package": "@lit/reactive-element",
                    "module": "css-tag.js",
                    "start": 0,
                    "end": 9
                  }
                ]
              }
            },
            {
              "kind": "method",
              "name": "render",
              "privacy": "public",
              "return": {
                "type": {
                  "text": "TemplateResult<1>",
                  "references": [
                    {
                      "name": "TemplateResult",
                      "package": "lit-html",
                      "start": 0,
                      "end": 14
                    }
                  ]
                }
              }
            }
          ],
          "events": [
            {
              "name": "a-changed",
              "description": "An awesome event to fire",
              "type": {
                "text": "Event"
              }
            }
          ],
          "slots": [
            {
              "name": "default",
              "description": "The default slot"
            },
            {
              "name": "stuff",
              "description": "A slot for stuff"
            }
          ],
          "cssParts": [
            {
              "name": "header",
              "description": "The header"
            },
            {
              "name": "footer",
              "description": "The footer"
            }
          ],
          "cssProperties": [
            {
              "name": "--foreground-color",
              "description": "The foreground color"
            },
            {
              "name": "--background-color",
              "description": "The background color"
            }
          ]
        },
        {
          "kind": "variable",
          "name": "localTypeVar",
          "type": {
            "text": "ElementA",
            "references": [
              {
                "name": "ElementA",
                "package": "@lit-internal/test-element-a",
                "module": "element-a.js",
                "start": 0,
                "end": 8
              }
            ]
          }
        },
        {
          "kind": "variable",
          "name": "packageTypeVar",
          "type": {
            "text": "Foo<Bar>",
            "references": [
              {
                "name": "Foo",
                "package": "@lit-internal/test-element-a",
                "module": "package-stuff.js",
                "start": 0,
                "end": 3
              },
              {
                "name": "Bar",
                "package": "@lit-internal/test-element-a",
                "module": "package-stuff.js",
                "start": 4,
                "end": 7
              }
            ]
          }
        },
        {
          "kind": "variable",
          "name": "externalTypeVar",
          "type": {
            "text": "LitElement",
            "references": [
              {
                "name": "LitElement",
                "package": "lit",
                "start": 0,
                "end": 10
              }
            ]
          }
        },
        {
          "kind": "variable",
          "name": "globalTypeVar",
          "type": {
            "text": "HTMLElement",
            "references": [
              {
                "name": "HTMLElement",
                "package": "global:",
                "start": 0,
                "end": 11
              }
            ]
          }
        }
      ],
      "exports": [
        {
          "kind": "js",
          "name": "ElementA",
          "declaration": {
            "name": "ElementA"
          }
        },
        {
          "kind": "js",
          "name": "localTypeVar",
          "declaration": {
            "name": "localTypeVar"
          }
        },
        {
          "kind": "js",
          "name": "packageTypeVar",
          "declaration": {
            "name": "packageTypeVar"
          }
        },
        {
          "kind": "js",
          "name": "externalTypeVar",
          "declaration": {
            "name": "externalTypeVar"
          }
        },
        {
          "kind": "js",
          "name": "globalTypeVar",
          "declaration": {
            "name": "globalTypeVar"
          }
        },
        {
          "kind": "js",
          "name": "Foo",
          "declaration": {
            "name": "Foo",
            "package": "@lit-internal/test-element-a",
            "module": "package-stuff.js"
          }
        },
        {
          "kind": "js",
          "name": "Baz",
          "declaration": {
            "name": "Bar",
            "package": "@lit-internal/test-element-a",
            "module": "package-stuff.js"
          }
        },
        {
          "kind": "js",
          "name": "local",
          "declaration": {
            "name": "localTypeVar"
          }
        },
        {
          "kind": "custom-element-definition",
          "name": "element-a",
          "declaration": {
            "name": "ElementA"
          }
        }
      ]
    },
    {
      "kind": "javascript-module",
      "path": "element-events.js",
      "declarations": [
        {
          "kind": "class",
          "name": "EventSubclass",
          "superclass": {
            "name": "Event",
            "package": "global:"
          },
          "members": [
            {
              "kind": "field",
              "name": "aStr",
              "privacy": "public",
              "type": {
                "text": "string"
              }
            },
            {
              "kind": "field",
              "name": "aNumber",
              "privacy": "public",
              "type": {
                "text": "number"
              }
            }
          ]
        },
        {
          "kind": "class",
          "name": "ElementEvents",
          "description": "My awesome element",
          "customElement": true,
          "tagName": "element-events",
          "superclass": {
            "name": "LitElement",
            "package": "lit"
          },
          "attributes": [
            {
              "name": "foo",
              "fieldName": "foo",
              "type": {
                "text": "string | undefined"
              }
            }
          ],
          "members": [
            {
              "kind": "field",
              "name": "foo",
              "attribute": "foo",
              "privacy": "public",
              "type": {
                "text": "string | undefined"
              }
            },
            {
              "kind": "method",
              "name": "render",
              "privacy": "public",
              "return": {
                "type": {
                  "text": "TemplateResult<1>",
                  "references": [
                    {
                      "name": "TemplateResult",
                      "package": "lit",
                      "start": 0,
                      "end": 14
                    }
                  ]
                }
              }
            },
            {
              "kind": "method",
              "name": "fireStringCustomEvent",
              "privacy": "public",
              "parameters": [
                {
                  "name": "detail",
                  "default": "'string-event'",
                  "optional": true,
                  "type": {
                    "text": "string"
                  }
                },
                {
                  "name": "fromNode",
                  "default": "this",
                  "optional": true,
                  "type": {
                    "text": "this"
                  }
                }
              ],
              "return": {
                "type": {
                  "text": "void"
                }
              }
            },
            {
              "kind": "method",
              "name": "fireNumberCustomEvent",
              "privacy": "public",
              "parameters": [
                {
                  "name": "detail",
                  "default": "11",
                  "optional": true,
                  "type": {
                    "text": "number"
                  }
                },
                {
                  "name": "fromNode",
                  "default": "this",
                  "optional": true,
                  "type": {
                    "text": "this"
                  }
                }
              ],
              "return": {
                "type": {
                  "text": "void"
                }
              }
            },
            {
              "kind": "method",
              "name": "fireMyDetailCustomEvent",
              "privacy": "public",
              "parameters": [
                {
                  "name": "detail",
                  "default": "{a: 'a', b: 5} as MyDetail",
                  "optional": true,
                  "type": {
                    "text": "MyDetail",
                    "references": [
                      {
                        "name": "MyDetail",
                        "package": "@lit-internal/test-element-a",
                        "module": "detail-type.js",
                        "start": 0,
                        "end": 8
                      }
                    ]
                  }
                },
                {
                  "name": "fromNode",
                  "default": "this",
                  "optional": true,
                  "type": {
                    "text": "this"
                  }
                }
              ],
              "return": {
                "type": {
                  "text": "void"
                }
              }
            },
            {
              "kind": "method",
              "name": "fireTemplateResultCustomEvent",
              "privacy": "public",
              "parameters": [
                {
                  "name": "detail",
                  "default": "html``",
                  "optional": true,
                  "type": {
                    "text": "TemplateResult<1>",
                    "references": [
                      {
                        "name": "TemplateResult",
                        "package": "lit",
                        "start": 0,
                        "end": 14
                      }
                    ]
                  }
                },
                {
                  "name": "fromNode",
                  "default": "this",
                  "optional": true,
                  "type": {
                    "text": "this"
                  }
                }
              ],
              "return": {
                "type": {
                  "text": "void"
                }
              }
            },
            {
              "kind": "method",
              "name": "fireEventSubclass",
              "privacy": "public",
              "parameters": [
                {
                  "name": "str",
                  "type": {
                    "text": "string"
                  }
                },
                {
                  "name": "num",
                  "type": {
                    "text": "number"
                  }
                },
                {
                  "name": "fromNode",
                  "default": "this",
                  "optional": true,
                  "type": {
                    "text": "this"
                  }
                }
              ],
              "return": {
                "type": {
                  "text": "void"
                }
              }
            },
            {
              "kind": "method",
              "name": "fireSpecialEvent",
              "privacy": "public",
              "parameters": [
                {
                  "name": "num",
                  "type": {
                    "text": "number"
                  }
                },
                {
                  "name": "fromNode",
                  "default": "this",
                  "optional": true,
                  "type": {
                    "text": "this"
                  }
                }
              ],
              "return": {
                "type": {
                  "text": "void"
                }
              }
            }
          ],
          "events": [
            {
              "name": "string-custom-event",
              "description": "A custom event with a string payload",
              "type": {
                "text": "CustomEvent<string>",
                "references": [
                  {
                    "name": "CustomEvent",
                    "package": "global:",
                    "start": 0,
                    "end": 11
                  }
                ]
              }
            },
            {
              "name": "number-custom-event",
              "description": "A custom event with a number payload",
              "type": {
                "text": "CustomEvent<number>",
                "references": [
                  {
                    "name": "CustomEvent",
                    "package": "global:",
                    "start": 0,
                    "end": 11
                  }
                ]
              }
            },
            {
              "name": "my-detail-custom-event",
              "description": "A custom event with a MyDetail payload.",
              "type": {
                "text": "CustomEvent<MyDetail>",
                "references": [
                  {
                    "name": "CustomEvent",
                    "package": "global:",
                    "start": 0,
                    "end": 11
                  },
                  {
                    "name": "MyDetail",
                    "package": "@lit-internal/test-element-a",
                    "module": "detail-type.js",
                    "start": 12,
                    "end": 20
                  }
                ]
              }
            },
            {
              "name": "event-subclass",
              "description": "The subclass event with a string and number payload",
              "type": {
                "text": "EventSubclass",
                "references": [
                  {
                    "name": "EventSubclass",
                    "package": "@lit-internal/test-element-a",
                    "module": "element-events.js",
                    "start": 0,
                    "end": 13
                  }
                ]
              }
            },
            {
              "name": "special-event",
              "description": "The special event with a number payload",
              "type": {
                "text": "SpecialEvent",
                "references": [
                  {
                    "name": "SpecialEvent",
                    "package": "@lit-internal/test-element-a",
                    "module": "special-event.js",
                    "start": 0,
                    "end": 12
                  }
                ]
              }
            },
            {
              "name": "template-result-custom-event",
              "description": "The result-custom-event with a TemplateResult payload.",
              "type": {
                "text": "CustomEvent<TemplateResult>",
                "references": [
                  {
                    "name": "CustomEvent",
                    "package": "global:",
                    "start": 0,
                    "end": 11
                  },
                  {
                    "name": "TemplateResult",
                    "package": "lit",
                    "start": 12,
                    "end": 26
                  }
                ]
              }
            }
          ]
        }
      ],
      "exports": [
        {
          "kind": "js",
          "name": "SpecialEvent",
          "declaration": {
            "name": "SpecialEvent",
            "package": "@lit-internal/test-element-a",
            "module": "special-event.js"
          }
        },
        {
          "kind": "js",
          "name": "MyDetail",
          "declaration": {
            "name": "MyDetail",
            "package": "@lit-internal/test-element-a",
            "module": "detail-type.js"
          }
        },
        {
          "kind": "js",
          "name": "EventSubclass",
          "declaration": {
            "name": "EventSubclass"
          }
        },
        {
          "kind": "js",
          "name": "ElementEvents",
          "declaration": {
            "name": "ElementEvents"
          }
        },
        {
          "kind": "custom-element-definition",
          "name": "element-events",
          "declaration": {
            "name": "ElementEvents"
          }
        }
      ]
    },
    {
      "kind": "javascript-module",
      "path": "element-props.js",
      "declarations": [
        {
          "kind": "class",
          "name": "ElementProps",
          "description": "My awesome element",
          "customElement": true,
          "tagName": "element-props",
          "superclass": {
            "name": "LitElement",
            "package": "lit"
          },
          "attributes": [
            {
              "name": "astr",
              "fieldName": "aStr",
              "default": "'aStr'",
              "type": {
                "text": "string"
              }
            },
            {
              "name": "anum",
              "fieldName": "aNum",
              "default": "-1",
              "type": {
                "text": "number"
              }
            },
            {
              "name": "abool",
              "fieldName": "aBool",
              "default": "false",
              "type": {
                "text": "boolean"
              }
            },
            {
              "name": "astrarray",
              "fieldName": "aStrArray",
              "default": "['a', 'b']",
              "type": {
                "text": "string[]"
              }
            },
            {
              "name": "areflect",
              "fieldName": "aReflect",
              "default": "'reflect'",
              "type": {
                "text": "string"
              }
            },
            {
              "name": "custom-attr",
              "fieldName": "aCustomAttr",
              "default": "'custom-attr'",
              "type": {
                "text": "string"
              }
            }
          ],
          "members": [
            {
              "kind": "field",
              "name": "aStr",
              "privacy": "public",
              "default": "'aStr'",
              "attribute": "astr",
              "type": {
                "text": "string"
              }
            },
            {
              "kind": "field",
              "name": "aNum",
              "privacy": "public",
              "default": "-1",
              "attribute": "anum",
              "type": {
                "text": "number"
              }
            },
            {
              "kind": "field",
              "name": "aBool",
              "privacy": "public",
              "default": "false",
              "attribute": "abool",
              "type": {
                "text": "boolean"
              }
            },
            {
              "kind": "field",
              "name": "aStrArray",
              "privacy": "public",
              "default": "['a', 'b']",
              "attribute": "astrarray",
              "type": {
                "text": "string[]"
              }
            },
            {
              "kind": "field",
              "name": "aReflect",
              "privacy": "public",
              "default": "'reflect'",
              "attribute": "areflect",
              "reflects": true,
              "type": {
                "text": "string"
              }
            },
            {
              "kind": "field",
              "name": "aCustomAttr",
              "privacy": "public",
              "default": "'custom-attr'",
              "attribute": "custom-attr",
              "type": {
                "text": "string"
              }
            },
            {
              "kind": "field",
              "name": "aMyType",
              "privacy": "public",
              "default": "{\n    a: 'a',\n    b: -1,\n    c: false,\n    d: ['a', 'b'],\n    e: 'isUnknown',\n    strOrNum: 'strOrNum',\n  }",
              "type": {
                "text": "MyType",
                "references": [
                  {
                    "name": "MyType",
                    "package": "@lit-internal/test-element-a",
                    "module": "element-props.js",
                    "start": 0,
                    "end": 6
                  }
                ]
              }
            },
            {
              "kind": "field",
              "name": "aState",
              "privacy": "public",
              "default": "'aState'",
              "type": {
                "text": "string"
              }
            },
            {
              "kind": "method",
              "name": "render",
              "privacy": "public",
              "return": {
                "type": {
                  "text": "TemplateResult<1>",
                  "references": [
                    {
                      "name": "TemplateResult",
                      "package": "lit-html",
                      "start": 0,
                      "end": 14
                    }
                  ]
                }
              }
            }
          ],
          "events": [
            {
              "name": "a-changed",
              "type": {
                "text": "Event"
              },
              "description": "An awesome event to fire"
            }
          ]
        }
      ],
      "exports": [
        {
          "kind": "js",
          "name": "ElementProps",
          "declaration": {
            "name": "ElementProps"
          }
        },
        {
          "kind": "custom-element-definition",
          "name": "element-props",
          "declaration": {
            "name": "ElementProps"
          }
        }
      ]
    },
    {
      "kind": "javascript-module",
      "path": "element-slots.js",
      "declarations": [
        {
          "kind": "class",
          "name": "ElementSlots",
          "description": "My awesome element",
          "customElement": true,
          "tagName": "element-slots",
          "superclass": {
            "name": "LitElement",
            "package": "lit"
          },
          "attributes": [
            {
              "name": "maindefault",
              "fieldName": "mainDefault",
              "default": "'mainDefault'",
              "type": {
                "text": "string"
              }
            }
          ],
          "members": [
            {
              "kind": "field",
              "name": "mainDefault",
              "privacy": "public",
              "type": {
                "text": "string"
              },
              "default": "'mainDefault'",
              "attribute": "maindefault"
            },
            {
              "kind": "method",
              "name": "render",
              "privacy": "public",
              "return": {
                "type": {
                  "text": "TemplateResult<1>",
                  "references": [
                    {
                      "name": "TemplateResult",
                      "package": "lit-html",
                      "start": 0,
                      "end": 14
                    }
                  ]
                }
              }
            }
          ]
        }
      ],
      "exports": [
        {
          "kind": "js",
          "name": "ElementSlots",
          "declaration": {
            "name": "ElementSlots"
          }
        },
        {
          "kind": "custom-element-definition",
          "name": "element-slots",
          "declaration": {
            "name": "ElementSlots"
          }
        }
      ]
    },
    {
      "kind": "javascript-module",
      "path": "package-stuff.js",
      "declarations": [
        {
          "kind": "class",
          "name": "Bar",
          "members": [
            {
              "kind": "field",
              "name": "bar",
              "privacy": "public",
              "type": {
                "text": "boolean"
              },
              "default": "true"
            }
          ]
        },
        {
          "kind": "class",
          "name": "Foo",
          "members": [
            {
              "kind": "field",
              "name": "bar",
              "privacy": "public",
              "type": {
                "text": "T | undefined",
                "references": [
                  {
                    "name": "T",
                    "package": "@lit-internal/test-element-a",
                    "module": "package-stuff.js",
                    "start": 0,
                    "end": 1
                  }
                ]
              }
            }
          ]
        },
        {
          "kind": "function",
          "name": "function1",
          "description": "Function 1 description",
          "return": {
            "type": {
              "text": "void"
            }
          }
        },
        {
          "kind": "function",
          "name": "function2",
          "description": "Function 2 description\nwith wraparound",
          "summary": "Function 2 summary\nwith wraparound",
          "deprecated": "Function 2 deprecated",
          "parameters": [
            {
              "name": "a",
              "description": "Param a description",
              "type": {
                "text": "string"
              }
            },
            {
              "name": "b",
              "description": "Param b description\nwith wraparound",
              "type": {
                "text": "boolean"
              },
              "default": "false",
              "optional": true
            },
            {
              "name": "c",
              "description": "Param c description",
              "type": {
                "text": "number[]"
              },
              "rest": true
            }
          ],
          "return": {
            "type": {
              "text": "string"
            },
            "description": "Function 2 return description"
          }
        },
        {
          "kind": "function",
          "name": "default",
          "description": "Default function description",
          "return": {
            "type": {
              "text": "string"
            },
            "description": "Default function return description"
          }
        }
      ],
      "exports": [
        {
          "kind": "js",
          "name": "Bar",
          "declaration": {
            "name": "Bar"
          }
        },
        {
          "kind": "js",
          "name": "Foo",
          "declaration": {
            "name": "Foo"
          }
        },
        {
          "kind": "js",
          "name": "function1",
          "declaration": {
            "name": "function1"
          }
        },
        {
          "kind": "js",
          "name": "function2",
          "declaration": {
            "name": "function2"
          }
        },
        {
          "kind": "js",
          "name": "default",
          "declaration": {
            "name": "default"
          }
        }
      ]
    },
    {
      "kind": "javascript-module",
      "path": "special-event.js",
      "declarations": [
        {
          "kind": "class",
          "name": "SpecialEvent",
          "superclass": {
            "name": "Event",
            "package": "global:"
          },
          "members": [
            {
              "kind": "field",
              "name": "aNumber",
              "privacy": "public",
              "type": {
                "text": "number"
              }
            }
          ]
        }
      ],
      "exports": [
        {
          "kind": "js",
          "name": "SpecialEvent",
          "declaration": {
            "name": "SpecialEvent"
          }
        }
      ]
    },
    {
      "kind": "javascript-module",
      "path": "sub/element-sub.js",
      "declarations": [
        {
          "kind": "class",
          "name": "ElementSub",
          "summary": "My awesome element",
          "description": "This is a description of my element. It's pretty great. The description has\ntext that spans multiple lines.",
          "customElement": true,
          "tagName": "element-sub",
          "superclass": {
            "name": "LitElement",
            "package": "lit"
          },
          "attributes": [
            {
              "name": "foo",
              "fieldName": "foo",
              "type": {
                "text": "string | undefined"
              }
            }
          ],
          "members": [
            {
              "kind": "field",
              "name": "foo",
              "privacy": "public",
              "type": {
                "text": "string | undefined"
              },
              "attribute": "foo"
            },
            {
              "kind": "field",
              "name": "styles",
              "static": true,
              "privacy": "public",
              "type": {
                "text": "CSSResult",
                "references": [
                  {
                    "name": "CSSResult",
                    "package": "@lit/reactive-element",
                    "module": "css-tag.js",
                    "start": 0,
                    "end": 9
                  }
                ]
              },
              "default": "css`\n    :host {\n      display: block;\n      background-color: var(--background-color);\n      color: var(-foreground-color);\n    }\n  `"
            },
            {
              "kind": "method",
              "name": "render",
              "privacy": "public",
              "return": {
                "type": {
                  "text": "TemplateResult<1>",
                  "references": [
                    {
                      "name": "TemplateResult",
                      "package": "lit-html",
                      "start": 0,
                      "end": 14
                    }
                  ]
                }
              }
            }
          ],
          "events": [
            {
              "name": "sub-changed",
              "type": {
                "text": "Event"
              },
              "description": "An awesome event to fire"
            }
          ],
          "slots": [
            {
              "name": "default",
              "description": "The default slot"
            },
            {
              "name": "stuff",
              "description": "A slot for stuff"
            }
          ],
          "cssParts": [
            {
              "name": "header",
              "description": "The header"
            },
            {
              "name": "footer",
              "description": "The footer"
            }
          ],
          "cssProperties": [
            {
              "name": "--foreground-color",
              "description": "The foreground color"
            },
            {
              "name": "--background-color",
              "description": "The background color"
            }
          ]
        },
        {
          "kind": "variable",
          "name": "localTypeVar",
          "type": {
            "text": "ElementSub",
            "references": [
              {
                "name": "ElementSub",
                "package": "@lit-internal/test-element-a",
                "module": "sub/element-sub.js",
                "start": 0,
                "end": 10
              }
            ]
          }
        },
        {
          "kind": "variable",
          "name": "packageTypeVar",
          "type": {
            "text": "Foo<Bar>",
            "references": [
              {
                "name": "Foo",
                "package": "@lit-internal/test-element-a",
                "module": "package-stuff.js",
                "start": 0,
                "end": 3
              },
              {
                "name": "Bar",
                "package": "@lit-internal/test-element-a",
                "module": "package-stuff.js",
                "start": 4,
                "end": 7
              }
            ]
          }
        },
        {
          "kind": "variable",
          "name": "externalTypeVar",
          "type": {
            "text": "LitElement",
            "references": [
              {
                "name": "LitElement",
                "package": "lit",
                "start": 0,
                "end": 10
              }
            ]
          }
        },
        {
          "kind": "variable",
          "name": "globalTypeVar",
          "type": {
            "text": "HTMLElement",
            "references": [
              {
                "name": "HTMLElement",
                "package": "global:",
                "start": 0,
                "end": 11
              }
            ]
          }
        }
      ],
      "exports": [
        {
          "kind": "js",
          "name": "ElementSub",
          "declaration": {
            "name": "ElementSub"
          }
        },
        {
          "kind": "js",
          "name": "localTypeVar",
          "declaration": {
            "name": "localTypeVar"
          }
        },
        {
          "kind": "js",
          "name": "packageTypeVar",
          "declaration": {
            "name": "packageTypeVar"
          }
        },
        {
          "kind": "js",
          "name": "externalTypeVar",
          "declaration": {
            "name": "externalTypeVar"
          }
        },
        {
          "kind": "js",
          "name": "globalTypeVar",
          "declaration": {
            "name": "globalTypeVar"
          }
        },
        {
          "kind": "js",
          "name": "Foo",
          "declaration": {
            "name": "Foo",
            "package": "@lit-internal/test-element-a",
            "module": "package-stuff.js"
          }
        },
        {
          "kind": "js",
          "name": "Baz",
          "declaration": {
            "name": "Bar",
            "package": "@lit-internal/test-element-a",
            "module": "package-stuff.js"
          }
        },
        {
          "kind": "js",
          "name": "local",
          "declaration": {
            "name": "localTypeVar"
          }
        },
        {
          "kind": "custom-element-definition",
          "name": "element-sub",
          "declaration": {
            "name": "ElementSub"
          }
        }
      ]
    }
  ]
}
