{
  "name": "test-element-a-react",
  "type": "module",
  "scripts": {
    "build": "tsc",
    "build:watch": "tsc --watch"
  },
  "version": "1.0.0",
  "dependencies": {
    "test-element-a": "^1.0.0",
    "@lit-labs/react": "^1.0.4"
  },
  "peerDependencies": {
    "react": "^17.0.2",
    "@types/react": "^17.0.19"
  },
  "devDependencies": {
    "typescript": "~4.3.5"
  },
  "files": [
    "element-a.js"
  ]
}
