{
  "schemaVersion": "1.0.0",
  "modules": [
    {
      "kind": "javascript-module",
      "path": "out/base-accordion.js",
      "declarations": [
        {
          "kind": "class",
          "name": "BaseAccordion",
          "members": [
            {
              "kind": "field",
              "name": "header",
              "privacy": "public",
              "type": {
                "text": "BaseHeader",
                "references": [
                  {
                    "name": "BaseHeader",
                    "package": "@lit-internal/test-circular",
                    "module": "out/base-header.js",
                    "start": 0,
                    "end": 10
                  }
                ]
              }
            }
          ]
        }
      ],
      "exports": [
        {
          "kind": "js",
          "name": "BaseAccordion",
          "declaration": {"name": "BaseAccordion"}
        }
      ]
    },
    {
      "kind": "javascript-module",
      "path": "out/base-header.js",
      "declarations": [
        {
          "kind": "class",
          "name": "BaseHeader",
          "members": [
            {
              "kind": "field",
              "name": "accordion",
              "privacy": "public",
              "type": {
                "text": "BaseAccordion",
                "references": [
                  {
                    "name": "BaseAccordion",
                    "package": "@lit-internal/test-circular",
                    "module": "out/base-accordion.js",
                    "start": 0,
                    "end": 13
                  }
                ]
              }
            }
          ]
        }
      ],
      "exports": [
        {
          "kind": "js",
          "name": "BaseHeader",
          "declaration": {"name": "BaseHeader"}
        }
      ]
    },
    {
      "kind": "javascript-module",
      "path": "out/sub-accordion.js",
      "declarations": [
        {
          "kind": "class",
          "name": "SubAccordion",
          "superclass": {
            "name": "BaseAccordion",
            "package": "@lit-internal/test-circular",
            "module": "out/base-accordion.js"
          }
        }
      ],
      "exports": [
        {
          "kind": "js",
          "name": "SubAccordion",
          "declaration": {"name": "SubAccordion"}
        },
        {
          "kind": "js",
          "name": "SubHeader",
          "declaration": {
            "name": "SubHeader",
            "package": "@lit-internal/test-circular",
            "module": "out/sub-header.js"
          }
        }
      ]
    },
    {
      "kind": "javascript-module",
      "path": "out/sub-header.js",
      "declarations": [
        {
          "kind": "class",
          "name": "SubHeader",
          "superclass": {
            "name": "BaseHeader",
            "package": "@lit-internal/test-circular",
            "module": "out/base-header.js"
          }
        }
      ],
      "exports": [
        {
          "kind": "js",
          "name": "SubHeader",
          "declaration": {"name": "SubHeader"}
        }
      ]
    }
  ]
}
